This is my song

This is my song, it sounds so good
And this is my second line with an end.

Refrain

=====================================================================
